------------------------------------------------------------
TimeQuest Timing Analyzer Summary
------------------------------------------------------------

Type  : Slow 1200mV 85C Model Setup 'sensa_boton:inst2|reloj'
Slack : -9.906
TNS   : -893.749

Type  : Slow 1200mV 85C Model Setup 'micro68HC11:inst|nRW'
Slack : -9.430
TNS   : -5080.126

Type  : Slow 1200mV 85C Model Setup 'micro68HC11:inst|Dir[0]'
Slack : -3.449
TNS   : -2939.345

Type  : Slow 1200mV 85C Model Setup 'CLK'
Slack : 0.248
TNS   : 0.000

Type  : Slow 1200mV 85C Model Hold 'micro68HC11:inst|Dir[0]'
Slack : -1.288
TNS   : -30.322

Type  : Slow 1200mV 85C Model Hold 'sensa_boton:inst2|reloj'
Slack : -0.357
TNS   : -0.357

Type  : Slow 1200mV 85C Model Hold 'CLK'
Slack : 0.374
TNS   : 0.000

Type  : Slow 1200mV 85C Model Hold 'micro68HC11:inst|nRW'
Slack : 0.402
TNS   : 0.000

Type  : Slow 1200mV 85C Model Minimum Pulse Width 'CLK'
Slack : -3.000
TNS   : -5.000

Type  : Slow 1200mV 85C Model Minimum Pulse Width 'sensa_boton:inst2|reloj'
Slack : -1.000
TNS   : -133.000

Type  : Slow 1200mV 85C Model Minimum Pulse Width 'micro68HC11:inst|Dir[0]'
Slack : 0.174
TNS   : 0.000

Type  : Slow 1200mV 85C Model Minimum Pulse Width 'micro68HC11:inst|nRW'
Slack : 0.259
TNS   : 0.000

Type  : Slow 1200mV 0C Model Setup 'sensa_boton:inst2|reloj'
Slack : -8.878
TNS   : -792.055

Type  : Slow 1200mV 0C Model Setup 'micro68HC11:inst|nRW'
Slack : -8.304
TNS   : -4512.272

Type  : Slow 1200mV 0C Model Setup 'micro68HC11:inst|Dir[0]'
Slack : -3.098
TNS   : -2561.245

Type  : Slow 1200mV 0C Model Setup 'CLK'
Slack : 0.332
TNS   : 0.000

Type  : Slow 1200mV 0C Model Hold 'micro68HC11:inst|Dir[0]'
Slack : -1.090
TNS   : -19.790

Type  : Slow 1200mV 0C Model Hold 'sensa_boton:inst2|reloj'
Slack : -0.279
TNS   : -0.279

Type  : Slow 1200mV 0C Model Hold 'CLK'
Slack : 0.339
TNS   : 0.000

Type  : Slow 1200mV 0C Model Hold 'micro68HC11:inst|nRW'
Slack : 0.494
TNS   : 0.000

Type  : Slow 1200mV 0C Model Minimum Pulse Width 'CLK'
Slack : -3.000
TNS   : -5.000

Type  : Slow 1200mV 0C Model Minimum Pulse Width 'sensa_boton:inst2|reloj'
Slack : -1.000
TNS   : -133.000

Type  : Slow 1200mV 0C Model Minimum Pulse Width 'micro68HC11:inst|Dir[0]'
Slack : 0.305
TNS   : 0.000

Type  : Slow 1200mV 0C Model Minimum Pulse Width 'micro68HC11:inst|nRW'
Slack : 0.328
TNS   : 0.000

Type  : Fast 1200mV 0C Model Setup 'micro68HC11:inst|nRW'
Slack : -5.397
TNS   : -2522.672

Type  : Fast 1200mV 0C Model Setup 'sensa_boton:inst2|reloj'
Slack : -5.156
TNS   : -450.691

Type  : Fast 1200mV 0C Model Setup 'micro68HC11:inst|Dir[0]'
Slack : -1.813
TNS   : -1168.265

Type  : Fast 1200mV 0C Model Setup 'CLK'
Slack : 0.579
TNS   : 0.000

Type  : Fast 1200mV 0C Model Hold 'micro68HC11:inst|Dir[0]'
Slack : -0.856
TNS   : -23.449

Type  : Fast 1200mV 0C Model Hold 'sensa_boton:inst2|reloj'
Slack : -0.294
TNS   : -0.294

Type  : Fast 1200mV 0C Model Hold 'CLK'
Slack : 0.194
TNS   : 0.000

Type  : Fast 1200mV 0C Model Hold 'micro68HC11:inst|nRW'
Slack : 0.290
TNS   : 0.000

Type  : Fast 1200mV 0C Model Minimum Pulse Width 'CLK'
Slack : -3.000
TNS   : -5.112

Type  : Fast 1200mV 0C Model Minimum Pulse Width 'sensa_boton:inst2|reloj'
Slack : -1.000
TNS   : -133.000

Type  : Fast 1200mV 0C Model Minimum Pulse Width 'micro68HC11:inst|Dir[0]'
Slack : 0.101
TNS   : 0.000

Type  : Fast 1200mV 0C Model Minimum Pulse Width 'micro68HC11:inst|nRW'
Slack : 0.209
TNS   : 0.000

------------------------------------------------------------
